// Include within the security checks...

// 1. Every client's request that goes through RequestManager
../../fission/ui/servlet/RequestManager.java

// 2. The aspect itself
WormholeAspect.aj

// 3. The following backend components:
../../edit/services/component/IUseCase.java
../../edit/services/component/ILockableElement.java

../../accounting/component/AccountingUseCaseComponent.java
../../agent/component/AgentUseCaseComponent.java
../../batch/component/BatchUseCaseComponent.java
../../client/component/ClientUseCaseComponent.java
../../event/component/EventUseCaseComponent.java
../../contract/component/InforceUseCaseComponent.java
../../contract/component/NewBusinessUseCaseComponent.java
../../contract/component/CaseUseCaseComponent.java
../../productbuild/component/ProductBuildUseCaseComponent.java
../../security/component/SecurityUseCaseComponent.java
../../reinsurance/component/ReinsuranceUseCaseComponent.java
../../staging/component/StagingUseCaseComponent.java
../../casetracking/usecase/CasetrackingUseCaseImpl.java

../../accounting/business/Accounting.java
../../accounting/business/Lookup.java
../../accounting/component/AccountingComponent.java
../../accounting/component/LookupComponent.java

../../agent/business/Agent.java
../../agent/component/AgentComponent.java

../../client/business/Client.java
../../client/business/Lookup.java
../../client/component/ClientComponent.java
../../client/component/LookupComponent.java

../../contract/business/Contract.java
../../contract/business/Lookup.java
../../contract/component/ContractComponent.java
../../contract/component/LookupComponent.java

../../engine/business/Analyzer.java
../../engine/business/Calculator.java
../../engine/business/Lookup.java
../../engine/component/AnalyzerComponent.java
../../engine/component/CalculatorComponent.java
../../engine/component/LookupComponent.java

../../event/business/Event.java
../../event/component/EventComponent.java


../../reporting/business/Reporting.java
../../reporting/component/ReportingComponent.java

../../reportingadmin/business/ReportingAdmin.java
../../reportingadmin/component/ReportingAdminComponent.java

../../role/business/Role.java
../../role/business/Lookup.java
../../role/component/RoleComponent.java
../../role/component/LookupComponent.java

../../security/business/Security.java
../../security/component/SecurityComponent.java

../../reinsurance/business/Reinsurance.java
../../reinsurance/component/ReinsuranceComponent.java